Archive member included to satisfy reference by file (symbol)

d:/microprocessors - microcontrollers/stm32cubeide/stm32cubeide_1.7.0/stm32cubeide/plugins/com.st.stm32cube.ide.mcu.externaltools.gnu-tools-for-stm32.9-2020-q2-update.win32_2.0.0.202105311346/tools/bin/../lib/gcc/arm-none-eabi/9.3.1/../../../../arm-none-eabi/lib/thumb/v7-m/nofp\libc_nano.a(lib_a-errno.o)
                              ./Core/Src/syscalls.o (__errno)
d:/microprocessors - microcontrollers/stm32cubeide/stm32cubeide_1.7.0/stm32cubeide/plugins/com.st.stm32cube.ide.mcu.externaltools.gnu-tools-for-stm32.9-2020-q2-update.win32_2.0.0.202105311346/tools/bin/../lib/gcc/arm-none-eabi/9.3.1/../../../../arm-none-eabi/lib/thumb/v7-m/nofp\libc_nano.a(lib_a-exit.o)
                              d:/microprocessors - microcontrollers/stm32cubeide/stm32cubeide_1.7.0/stm32cubeide/plugins/com.st.stm32cube.ide.mcu.externaltools.gnu-tools-for-stm32.9-2020-q2-update.win32_2.0.0.202105311346/tools/bin/../lib/gcc/arm-none-eabi/9.3.1/../../../../arm-none-eabi/lib/thumb/v7-m/nofp/crt0.o (exit)
d:/microprocessors - microcontrollers/stm32cubeide/stm32cubeide_1.7.0/stm32cubeide/plugins/com.st.stm32cube.ide.mcu.externaltools.gnu-tools-for-stm32.9-2020-q2-update.win32_2.0.0.202105311346/tools/bin/../lib/gcc/arm-none-eabi/9.3.1/../../../../arm-none-eabi/lib/thumb/v7-m/nofp\libc_nano.a(lib_a-impure.o)
                              d:/microprocessors - microcontrollers/stm32cubeide/stm32cubeide_1.7.0/stm32cubeide/plugins/com.st.stm32cube.ide.mcu.externaltools.gnu-tools-for-stm32.9-2020-q2-update.win32_2.0.0.202105311346/tools/bin/../lib/gcc/arm-none-eabi/9.3.1/../../../../arm-none-eabi/lib/thumb/v7-m/nofp\libc_nano.a(lib_a-exit.o) (_global_impure_ptr)
d:/microprocessors - microcontrollers/stm32cubeide/stm32cubeide_1.7.0/stm32cubeide/plugins/com.st.stm32cube.ide.mcu.externaltools.gnu-tools-for-stm32.9-2020-q2-update.win32_2.0.0.202105311346/tools/bin/../lib/gcc/arm-none-eabi/9.3.1/../../../../arm-none-eabi/lib/thumb/v7-m/nofp\libc_nano.a(lib_a-init.o)
                              d:/microprocessors - microcontrollers/stm32cubeide/stm32cubeide_1.7.0/stm32cubeide/plugins/com.st.stm32cube.ide.mcu.externaltools.gnu-tools-for-stm32.9-2020-q2-update.win32_2.0.0.202105311346/tools/bin/../lib/gcc/arm-none-eabi/9.3.1/../../../../arm-none-eabi/lib/thumb/v7-m/nofp/crt0.o (__libc_init_array)
d:/microprocessors - microcontrollers/stm32cubeide/stm32cubeide_1.7.0/stm32cubeide/plugins/com.st.stm32cube.ide.mcu.externaltools.gnu-tools-for-stm32.9-2020-q2-update.win32_2.0.0.202105311346/tools/bin/../lib/gcc/arm-none-eabi/9.3.1/../../../../arm-none-eabi/lib/thumb/v7-m/nofp\libc_nano.a(lib_a-memset.o)
                              d:/microprocessors - microcontrollers/stm32cubeide/stm32cubeide_1.7.0/stm32cubeide/plugins/com.st.stm32cube.ide.mcu.externaltools.gnu-tools-for-stm32.9-2020-q2-update.win32_2.0.0.202105311346/tools/bin/../lib/gcc/arm-none-eabi/9.3.1/../../../../arm-none-eabi/lib/thumb/v7-m/nofp/crt0.o (memset)

Allocating common symbols
Common symbol       size              file

const_time_yellow_new
                    0x4               ./Core/Src/fsm_settings.o
timer_counter       0x28              ./Core/Src/software_timer.o
uwTick              0x4               ./Drivers/STM32F1xx_HAL_Driver/Src/stm32f1xx_hal.o
pFlash              0x20              ./Drivers/STM32F1xx_HAL_Driver/Src/stm32f1xx_hal_flash.o
timer_flag          0x28              ./Core/Src/software_timer.o
htim2               0x48              ./Core/Src/main.o
const_time_green_new
                    0x4               ./Core/Src/fsm_settings.o
const_time_red_new  0x4               ./Core/Src/fsm_settings.o

Discarded input sections

 .text          0x0000000000000000        0x0 d:/microprocessors - microcontrollers/stm32cubeide/stm32cubeide_1.7.0/stm32cubeide/plugins/com.st.stm32cube.ide.mcu.externaltools.gnu-tools-for-stm32.9-2020-q2-update.win32_2.0.0.202105311346/tools/bin/../lib/gcc/arm-none-eabi/9.3.1/thumb/v7-m/nofp/crti.o
 .data          0x0000000000000000        0x0 d:/microprocessors - microcontrollers/stm32cubeide/stm32cubeide_1.7.0/stm32cubeide/plugins/com.st.stm32cube.ide.mcu.externaltools.gnu-tools-for-stm32.9-2020-q2-update.win32_2.0.0.202105311346/tools/bin/../lib/gcc/arm-none-eabi/9.3.1/thumb/v7-m/nofp/crti.o
 .bss           0x0000000000000000        0x0 d:/microprocessors - microcontrollers/stm32cubeide/stm32cubeide_1.7.0/stm32cubeide/plugins/com.st.stm32cube.ide.mcu.externaltools.gnu-tools-for-stm32.9-2020-q2-update.win32_2.0.0.202105311346/tools/bin/../lib/gcc/arm-none-eabi/9.3.1/thumb/v7-m/nofp/crti.o
 .data          0x0000000000000000        0x4 d:/microprocessors - microcontrollers/stm32cubeide/stm32cubeide_1.7.0/stm32cubeide/plugins/com.st.stm32cube.ide.mcu.externaltools.gnu-tools-for-stm32.9-2020-q2-update.win32_2.0.0.202105311346/tools/bin/../lib/gcc/arm-none-eabi/9.3.1/thumb/v7-m/nofp/crtbegin.o
[...]
Memory Configuration

Name             Origin             Length             Attributes
RAM              0x0000000020000000 0x0000000000002800 xrw
FLASH            0x0000000008000000 0x0000000000008000 xr
*default*        0x0000000000000000 0xffffffffffffffff

Linker script and memory map

LOAD d:/microprocessors - microcontrollers/stm32cubeide/stm32cubeide_1.7.0/stm32cubeide/plugins/com.st.stm32cube.ide.mcu.externaltools.gnu-tools-for-stm32.9-2020-q2-update.win32_2.0.0.202105311346/tools/bin/../lib/gcc/arm-none-eabi/9.3.1/thumb/v7-m/nofp/crti.o
LOAD d:/microprocessors - microcontrollers/stm32cubeide/stm32cubeide_1.7.0/stm32cubeide/plugins/com.st.stm32cube.ide.mcu.externaltools.gnu-tools-for-stm32.9-2020-q2-update.win32_2.0.0.202105311346/tools/bin/../lib/gcc/arm-none-eabi/9.3.1/thumb/v7-m/nofp/crtbegin.o
LOAD d:/microprocessors - microcontrollers/stm32cubeide/stm32cubeide_1.7.0/stm32cubeide/plugins/com.st.stm32cube.ide.mcu.externaltools.gnu-tools-for-stm32.9-2020-q2-update.win32_2.0.0.202105311346/tools/bin/../lib/gcc/arm-none-eabi/9.3.1/../../../../arm-none-eabi/lib/thumb/v7-m/nofp/crt0.o
LOAD ./Core/Src/button.o
LOAD ./Core/Src/fsm_auto.o
LOAD ./Core/Src/fsm_manual.o
LOAD ./Core/Src/fsm_settings.o
LOAD ./Core/Src/global.o
LOAD ./Core/Src/led7_segment.o
LOAD ./Core/Src/light_traffic.o
LOAD ./Core/Src/main.o
LOAD ./Core/Src/software_timer.o
LOAD ./Core/Src/stm32f1xx_hal_msp.o
LOAD ./Core/Src/stm32f1xx_it.o
LOAD ./Core/Src/syscalls.o
LOAD ./Core/Src/sysmem.o
LOAD ./Core/Src/system_stm32f1xx.o
LOAD ./Core/Startup/startup_stm32f103c6ux.o
LOAD ./Drivers/STM32F1xx_HAL_Driver/Src/stm32f1xx_hal.o
LOAD ./Drivers/STM32F1xx_HAL_Driver/Src/stm32f1xx_hal_cortex.o
LOAD ./Drivers/STM32F1xx_HAL_Driver/Src/stm32f1xx_hal_dma.o
LOAD ./Drivers/STM32F1xx_HAL_Driver/Src/stm32f1xx_hal_exti.o
LOAD ./Drivers/STM32F1xx_HAL_Driver/Src/stm32f1xx_hal_flash.o
LOAD ./Drivers/STM32F1xx_HAL_Driver/Src/stm32f1xx_hal_flash_ex.o
LOAD ./Drivers/STM32F1xx_HAL_Driver/Src/stm32f1xx_hal_gpio.o
LOAD ./Drivers/STM32F1xx_HAL_Driver/Src/stm32f1xx_hal_gpio_ex.o
LOAD ./Drivers/STM32F1xx_HAL_Driver/Src/stm32f1xx_hal_pwr.o
LOAD ./Drivers/STM32F1xx_HAL_Driver/Src/stm32f1xx_hal_rcc.o
LOAD ./Drivers/STM32F1xx_HAL_Driver/Src/stm32f1xx_hal_rcc_ex.o
LOAD ./Drivers/STM32F1xx_HAL_Driver/Src/stm32f1xx_hal_tim.o
LOAD ./Drivers/STM32F1xx_HAL_Driver/Src/stm32f1xx_hal_tim_ex.o
START GROUP
LOAD d:/microprocessors - microcontrollers/stm32cubeide/stm32cubeide_1.7.0/stm32cubeide/plugins/com.st.stm32cube.ide.mcu.externaltools.gnu-tools-for-stm32.9-2020-q2-update.win32_2.0.0.202105311346/tools/bin/../lib/gcc/arm-none-eabi/9.3.1/../../../../arm-none-eabi/lib/thumb/v7-m/nofp\libc_nano.a
LOAD d:/microprocessors - microcontrollers/stm32cubeide/stm32cubeide_1.7.0/stm32cubeide/plugins/com.st.stm32cube.ide.mcu.externaltools.gnu-tools-for-stm32.9-2020-q2-update.win32_2.0.0.202105311346/tools/bin/../lib/gcc/arm-none-eabi/9.3.1/../../../../arm-none-eabi/lib/thumb/v7-m/nofp\libm.a
END GROUP
START GROUP
LOAD d:/microprocessors - microcontrollers/stm32cubeide/stm32cubeide_1.7.0/stm32cubeide/plugins/com.st.stm32cube.ide.mcu.externaltools.gnu-tools-for-stm32.9-2020-q2-update.win32_2.0.0.202105311346/tools/bin/../lib/gcc/arm-none-eabi/9.3.1/thumb/v7-m/nofp\libgcc.a
LOAD d:/microprocessors - microcontrollers/stm32cubeide/stm32cubeide_1.7.0/stm32cubeide/plugins/com.st.stm32cube.ide.mcu.externaltools.gnu-tools-for-stm32.9-2020-q2-update.win32_2.0.0.202105311346/tools/bin/../lib/gcc/arm-none-eabi/9.3.1/../../../../arm-none-eabi/lib/thumb/v7-m/nofp\libc_nano.a
END GROUP
START GROUP
LOAD d:/microprocessors - microcontrollers/stm32cubeide/stm32cubeide_1.7.0/stm32cubeide/plugins/com.st.stm32cube.ide.mcu.externaltools.gnu-tools-for-stm32.9-2020-q2-update.win32_2.0.0.202105311346/tools/bin/../lib/gcc/arm-none-eabi/9.3.1/thumb/v7-m/nofp\libgcc.a
LOAD d:/microprocessors - microcontrollers/stm32cubeide/stm32cubeide_1.7.0/stm32cubeide/plugins/com.st.stm32cube.ide.mcu.externaltools.gnu-tools-for-stm32.9-2020-q2-update.win32_2.0.0.202105311346/tools/bin/../lib/gcc/arm-none-eabi/9.3.1/../../../../arm-none-eabi/lib/thumb/v7-m/nofp\libc_nano.a
LOAD d:/microprocessors - microcontrollers/stm32cubeide/stm32cubeide_1.7.0/stm32cubeide/plugins/com.st.stm32cube.ide.mcu.externaltools.gnu-tools-for-stm32.9-2020-q2-update.win32_2.0.0.202105311346/tools/bin/../lib/gcc/arm-none-eabi/9.3.1/../../../../arm-none-eabi/lib/thumb/v7-m/nofp\libnosys.a
END GROUP
START GROUP
LOAD d:/microprocessors - microcontrollers/stm32cubeide/stm32cubeide_1.7.0/stm32cubeide/plugins/com.st.stm32cube.ide.mcu.externaltools.gnu-tools-for-stm32.9-2020-q2-update.win32_2.0.0.202105311346/tools/bin/../lib/gcc/arm-none-eabi/9.3.1/thumb/v7-m/nofp\libgcc.a
LOAD d:/microprocessors - microcontrollers/stm32cubeide/stm32cubeide_1.7.0/stm32cubeide/plugins/com.st.stm32cube.ide.mcu.externaltools.gnu-tools-for-stm32.9-2020-q2-update.win32_2.0.0.202105311346/tools/bin/../lib/gcc/arm-none-eabi/9.3.1/../../../../arm-none-eabi/lib/thumb/v7-m/nofp\libc_nano.a
LOAD d:/microprocessors - microcontrollers/stm32cubeide/stm32cubeide_1.7.0/stm32cubeide/plugins/com.st.stm32cube.ide.mcu.externaltools.gnu-tools-for-stm32.9-2020-q2-update.win32_2.0.0.202105311346/tools/bin/../lib/gcc/arm-none-eabi/9.3.1/../../../../arm-none-eabi/lib/thumb/v7-m/nofp\libnosys.a
END GROUP
LOAD d:/microprocessors - microcontrollers/stm32cubeide/stm32cubeide_1.7.0/stm32cubeide/plugins/com.st.stm32cube.ide.mcu.externaltools.gnu-tools-for-stm32.9-2020-q2-update.win32_2.0.0.202105311346/tools/bin/../lib/gcc/arm-none-eabi/9.3.1/thumb/v7-m/nofp/crtend.o
LOAD d:/microprocessors - microcontrollers/stm32cubeide/stm32cubeide_1.7.0/stm32cubeide/plugins/com.st.stm32cube.ide.mcu.externaltools.gnu-tools-for-stm32.9-2020-q2-update.win32_2.0.0.202105311346/tools/bin/../lib/gcc/arm-none-eabi/9.3.1/thumb/v7-m/nofp/crtn.o
                0x0000000020002800                _estack = (ORIGIN (RAM) + LENGTH (RAM))
                0x0000000000000200                _Min_Heap_Size = 0x200
                0x0000000000000400                _Min_Stack_Size = 0x400

.isr_vector     0x0000000008000000      0x10c
                0x0000000008000000                . = ALIGN (0x4)
 *(.isr_vector)
 .isr_vector    0x0000000008000000      0x10c ./Core/Startup/startup_stm32f103c6ux.o
                0x0000000008000000                g_pfnVectors
                0x000000000800010c                . = ALIGN (0x4)

.text           0x000000000800010c     0x27a0
                0x000000000800010c                . = ALIGN (0x4)
 *(.text)
 .text          0x000000000800010c       0x40 d:/microprocessors - microcontrollers/stm32cubeide/stm32cubeide_1.7.0/stm32cubeide/plugins/com.st.stm32cube.ide.mcu.externaltools.gnu-tools-for-stm32.9-2020-q2-update.win32_2.0.0.202105311346/tools/bin/../lib/gcc/arm-none-eabi/9.3.1/thumb/v7-m/nofp/crtbegin.o
 *(.text*)
 .text.isButton1Pressed
                0x000000000800014c       0x34 ./Core/Src/button.o
                0x000000000800014c                isButton1Pressed
 .text.getKeyInput
                0x0000000008000180      0x144 ./Core/Src/button.o
                0x0000000008000180                getKeyInput
 .text.fsm_auto_run
                0x00000000080002c4      0x2c0 ./Core/Src/fsm_auto.o
                0x00000000080002c4                fsm_auto_run
 .text.fsm_manual_run
                0x0000000008000584      0x210 ./Core/Src/fsm_manual.o
                0x0000000008000584                fsm_manual_run
 .text.fsm_settings_run
                0x0000000008000794      0x244 ./Core/Src/fsm_settings.o
                0x0000000008000794                fsm_settings_run
 .text.set_7SEG_X
                0x00000000080009d8       0x68 ./Core/Src/led7_segment.o
                0x00000000080009d8                set_7SEG_X
 .text.set_7SEG_X_left
                0x0000000008000a40       0x68 ./Core/Src/led7_segment.o
                0x0000000008000a40                set_7SEG_X_left
 .text.set_7SEG_Y
                0x0000000008000aa8       0x6c ./Core/Src/led7_segment.o
                0x0000000008000aa8                set_7SEG_Y
 .text.set_7SEG_Y_left
                0x0000000008000b14       0x6c ./Core/Src/led7_segment.o
                0x0000000008000b14                set_7SEG_Y_left
 .text.displaySetting
                0x0000000008000b80       0x80 ./Core/Src/led7_segment.o
                0x0000000008000b80                displaySetting
 .text.displaySettingX
                0x0000000008000c00       0x80 ./Core/Src/led7_segment.o
                0x0000000008000c00                displaySettingX
 .text.set_LEDS
                0x0000000008000c80       0x4c ./Core/Src/light_traffic.o
                0x0000000008000c80                set_LEDS
 .text.init_time
                0x0000000008000ccc       0x2c ./Core/Src/light_traffic.o
                0x0000000008000ccc                init_time
 .text.init     0x0000000008000cf8       0x44 ./Core/Src/light_traffic.o
                0x0000000008000cf8                init
 .text.led_red_and_green
                0x0000000008000d3c       0x14 ./Core/Src/light_traffic.o
                0x0000000008000d3c                led_red_and_green
 .text.led_red_and_yellow
                0x0000000008000d50       0x14 ./Core/Src/light_traffic.o
                0x0000000008000d50                led_red_and_yellow
 .text.led_green_and_red
                0x0000000008000d64       0x14 ./Core/Src/light_traffic.o
                0x0000000008000d64                led_green_and_red
 .text.led_yellow_and_red
                0x0000000008000d78       0x14 ./Core/Src/light_traffic.o
                0x0000000008000d78                led_yellow_and_red
 .text.blinking_led_red
                0x0000000008000d8c       0x30 ./Core/Src/light_traffic.o
                0x0000000008000d8c                blinking_led_red
 .text.blinking_led_green
                0x0000000008000dbc       0x30 ./Core/Src/light_traffic.o
                0x0000000008000dbc                blinking_led_green
 .text.blinking_led_yellow
                0x0000000008000dec       0x30 ./Core/Src/light_traffic.o
                0x0000000008000dec                blinking_led_yellow
 .text.main     0x0000000008000e1c       0x38 ./Core/Src/main.o
                0x0000000008000e1c                main
 .text.SystemClock_Config
                0x0000000008000e54       0x76 ./Core/Src/main.o
                0x0000000008000e54                SystemClock_Config
 *fill*         0x0000000008000eca        0x2 
 .text.MX_TIM2_Init
                0x0000000008000ecc       0x98 ./Core/Src/main.o
 .text.MX_GPIO_Init
                0x0000000008000f64       0xe4 ./Core/Src/main.o
 .text.HAL_TIM_PeriodElapsedCallback
                0x0000000008001048       0x18 ./Core/Src/main.o
                0x0000000008001048                HAL_TIM_PeriodElapsedCallback
 .text.Error_Handler
                0x0000000008001060        0xa ./Core/Src/main.o
                0x0000000008001060                Error_Handler
 *fill*         0x000000000800106a        0x2 
 .text.setTimer
                0x000000000800106c       0x3c ./Core/Src/software_timer.o
                0x000000000800106c                setTimer
 .text.timerRun
                0x00000000080010a8       0x58 ./Core/Src/software_timer.o
                0x00000000080010a8                timerRun
 .text.HAL_MspInit
                0x0000000008001100       0x64 ./Core/Src/stm32f1xx_hal_msp.o
                0x0000000008001100                HAL_MspInit
 .text.HAL_TIM_Base_MspInit
                0x0000000008001164       0x48 ./Core/Src/stm32f1xx_hal_msp.o
                0x0000000008001164                HAL_TIM_Base_MspInit
 .text.NMI_Handler
                0x00000000080011ac        0x6 ./Core/Src/stm32f1xx_it.o
                0x00000000080011ac                NMI_Handler
 .text.HardFault_Handler
                0x00000000080011b2        0x6 ./Core/Src/stm32f1xx_it.o
                0x00000000080011b2                HardFault_Handler
 .text.MemManage_Handler
                0x00000000080011b8        0x6 ./Core/Src/stm32f1xx_it.o
                0x00000000080011b8                MemManage_Handler
 .text.BusFault_Handler
                0x00000000080011be        0x6 ./Core/Src/stm32f1xx_it.o
                0x00000000080011be                BusFault_Handler
 .text.UsageFault_Handler
                0x00000000080011c4        0x6 ./Core/Src/stm32f1xx_it.o
                0x00000000080011c4                UsageFault_Handler
 .text.SVC_Handler
                0x00000000080011ca        0xc ./Core/Src/stm32f1xx_it.o
                0x00000000080011ca                SVC_Handler
 .text.DebugMon_Handler
                0x00000000080011d6        0xc ./Core/Src/stm32f1xx_it.o
                0x00000000080011d6                DebugMon_Handler
 .text.PendSV_Handler
                0x00000000080011e2        0xc ./Core/Src/stm32f1xx_it.o
                0x00000000080011e2                PendSV_Handler
 .text.SysTick_Handler
                0x00000000080011ee        0xc ./Core/Src/stm32f1xx_it.o
                0x00000000080011ee                SysTick_Handler
 *fill*         0x00000000080011fa        0x2 
 .text.TIM2_IRQHandler
                0x00000000080011fc       0x14 ./Core/Src/stm32f1xx_it.o
                0x00000000080011fc                TIM2_IRQHandler
 .text.SystemInit
                0x0000000008001210        0xc ./Core/Src/system_stm32f1xx.o
                0x0000000008001210                SystemInit
 .text.Reset_Handler
                0x000000000800121c       0x48 ./Core/Startup/startup_stm32f103c6ux.o
                0x000000000800121c                Reset_Handler
 .text.Default_Handler
                0x0000000008001264        0x2 ./Core/Startup/startup_stm32f103c6ux.o
                0x0000000008001264                RTC_Alarm_IRQHandler
                0x0000000008001264                EXTI2_IRQHandler
                0x0000000008001264                TIM1_CC_IRQHandler
                0x0000000008001264                PVD_IRQHandler
                0x0000000008001264                EXTI3_IRQHandler
                0x0000000008001264                EXTI0_IRQHandler
                0x0000000008001264                ADC1_2_IRQHandler
                0x0000000008001264                SPI1_IRQHandler
                0x0000000008001264                TAMPER_IRQHandler
                0x0000000008001264                DMA1_Channel4_IRQHandler
                0x0000000008001264                RTC_IRQHandler
                0x0000000008001264                DMA1_Channel7_IRQHandler
                0x0000000008001264                CAN1_RX1_IRQHandler
                0x0000000008001264                I2C1_EV_IRQHandler
                0x0000000008001264                DMA1_Channel6_IRQHandler
                0x0000000008001264                TIM3_IRQHandler
                0x0000000008001264                RCC_IRQHandler
                0x0000000008001264                TIM1_TRG_COM_IRQHandler
                0x0000000008001264                DMA1_Channel1_IRQHandler
                0x0000000008001264                Default_Handler
                0x0000000008001264                EXTI15_10_IRQHandler
                0x0000000008001264                EXTI9_5_IRQHandler
                0x0000000008001264                DMA1_Channel5_IRQHandler
                0x0000000008001264                EXTI4_IRQHandler
                0x0000000008001264                USB_LP_CAN1_RX0_IRQHandler
                0x0000000008001264                USB_HP_CAN1_TX_IRQHandler
                0x0000000008001264                DMA1_Channel3_IRQHandler
                0x0000000008001264                TIM1_UP_IRQHandler
                0x0000000008001264                WWDG_IRQHandler
                0x0000000008001264                TIM1_BRK_IRQHandler
                0x0000000008001264                EXTI1_IRQHandler
                0x0000000008001264                USART2_IRQHandler
                0x0000000008001264                DMA1_Channel2_IRQHandler
                0x0000000008001264                CAN1_SCE_IRQHandler
                0x0000000008001264                FLASH_IRQHandler
                0x0000000008001264                USART1_IRQHandler
                0x0000000008001264                I2C1_ER_IRQHandler
                0x0000000008001264                USBWakeUp_IRQHandler
 *fill*         0x0000000008001266        0x2 
 .text.HAL_Init
                0x0000000008001268       0x2c ./Drivers/STM32F1xx_HAL_Driver/Src/stm32f1xx_hal.o
                0x0000000008001268                HAL_Init
 .text.HAL_InitTick
                0x0000000008001294       0x60 ./Drivers/STM32F1xx_HAL_Driver/Src/stm32f1xx_hal.o
                0x0000000008001294                HAL_InitTick
 .text.HAL_IncTick
                0x00000000080012f4       0x24 ./Drivers/STM32F1xx_HAL_Driver/Src/stm32f1xx_hal.o
                0x00000000080012f4                HAL_IncTick
 .text.HAL_GetTick
                0x0000000008001318       0x14 ./Drivers/STM32F1xx_HAL_Driver/Src/stm32f1xx_hal.o
                0x0000000008001318                HAL_GetTick
 .text.__NVIC_SetPriorityGrouping
                0x000000000800132c       0x48 ./Drivers/STM32F1xx_HAL_Driver/Src/stm32f1xx_hal_cortex.o
 .text.__NVIC_GetPriorityGrouping
                0x0000000008001374       0x1c ./Drivers/STM32F1xx_HAL_Driver/Src/stm32f1xx_hal_cortex.o
 .text.__NVIC_EnableIRQ
                0x0000000008001390       0x38 ./Drivers/STM32F1xx_HAL_Driver/Src/stm32f1xx_hal_cortex.o
 .text.__NVIC_SetPriority
                0x00000000080013c8       0x54 ./Drivers/STM32F1xx_HAL_Driver/Src/stm32f1xx_hal_cortex.o
 .text.NVIC_EncodePriority
                0x000000000800141c       0x64 ./Drivers/STM32F1xx_HAL_Driver/Src/stm32f1xx_hal_cortex.o
 .text.SysTick_Config
                0x0000000008001480       0x44 ./Drivers/STM32F1xx_HAL_Driver/Src/stm32f1xx_hal_cortex.o
 .text.HAL_NVIC_SetPriorityGrouping
                0x00000000080014c4       0x16 ./Drivers/STM32F1xx_HAL_Driver/Src/stm32f1xx_hal_cortex.o
                0x00000000080014c4                HAL_NVIC_SetPriorityGrouping
 .text.HAL_NVIC_SetPriority
                0x00000000080014da       0x38 ./Drivers/STM32F1xx_HAL_Driver/Src/stm32f1xx_hal_cortex.o
                0x00000000080014da                HAL_NVIC_SetPriority
 .text.HAL_NVIC_EnableIRQ
                0x0000000008001512       0x1c ./Drivers/STM32F1xx_HAL_Driver/Src/stm32f1xx_hal_cortex.o
                0x0000000008001512                HAL_NVIC_EnableIRQ
 .text.HAL_SYSTICK_Config
                0x000000000800152e       0x18 ./Drivers/STM32F1xx_HAL_Driver/Src/stm32f1xx_hal_cortex.o
                0x000000000800152e                HAL_SYSTICK_Config
 *fill*         0x0000000008001546        0x2 
 .text.HAL_GPIO_Init
                0x0000000008001548      0x2f4 ./Drivers/STM32F1xx_HAL_Driver/Src/stm32f1xx_hal_gpio.o
                0x0000000008001548                HAL_GPIO_Init
 .text.HAL_GPIO_ReadPin
                0x000000000800183c       0x2e ./Drivers/STM32F1xx_HAL_Driver/Src/stm32f1xx_hal_gpio.o
                0x000000000800183c                HAL_GPIO_ReadPin
 .text.HAL_GPIO_WritePin
                0x000000000800186a       0x30 ./Drivers/STM32F1xx_HAL_Driver/Src/stm32f1xx_hal_gpio.o
                0x000000000800186a                HAL_GPIO_WritePin
 .text.HAL_GPIO_TogglePin
                0x000000000800189a       0x32 ./Drivers/STM32F1xx_HAL_Driver/Src/stm32f1xx_hal_gpio.o
                0x000000000800189a                HAL_GPIO_TogglePin
 .text.HAL_RCC_OscConfig
                0x00000000080018cc      0x500 ./Drivers/STM32F1xx_HAL_Driver/Src/stm32f1xx_hal_rcc.o
                0x00000000080018cc                HAL_RCC_OscConfig
 .text.HAL_RCC_ClockConfig
                0x0000000008001dcc      0x1d4 ./Drivers/STM32F1xx_HAL_Driver/Src/stm32f1xx_hal_rcc.o
                0x0000000008001dcc                HAL_RCC_ClockConfig
 .text.HAL_RCC_GetSysClockFreq
                0x0000000008001fa0       0xa8 ./Drivers/STM32F1xx_HAL_Driver/Src/stm32f1xx_hal_rcc.o
                0x0000000008001fa0                HAL_RCC_GetSysClockFreq
 .text.RCC_Delay
                0x0000000008002048       0x3c ./Drivers/STM32F1xx_HAL_Driver/Src/stm32f1xx_hal_rcc.o
 .text.HAL_TIM_Base_Init
                0x0000000008002084       0x9e ./Drivers/STM32F1xx_HAL_Driver/Src/stm32f1xx_hal_tim.o
                0x0000000008002084                HAL_TIM_Base_Init
 *fill*         0x0000000008002122        0x2 
 .text.HAL_TIM_Base_Start_IT
                0x0000000008002124       0x98 ./Drivers/STM32F1xx_HAL_Driver/Src/stm32f1xx_hal_tim.o
                0x0000000008002124                HAL_TIM_Base_Start_IT
 .text.HAL_TIM_IRQHandler
                0x00000000080021bc      0x1e0 ./Drivers/STM32F1xx_HAL_Driver/Src/stm32f1xx_hal_tim.o
                0x00000000080021bc                HAL_TIM_IRQHandler
 .text.HAL_TIM_ConfigClockSource
                0x000000000800239c      0x18e ./Drivers/STM32F1xx_HAL_Driver/Src/stm32f1xx_hal_tim.o
                0x000000000800239c                HAL_TIM_ConfigClockSource
 .text.HAL_TIM_OC_DelayElapsedCallback
                0x000000000800252a       0x12 ./Drivers/STM32F1xx_HAL_Driver/Src/stm32f1xx_hal_tim.o
                0x000000000800252a                HAL_TIM_OC_DelayElapsedCallback
 .text.HAL_TIM_IC_CaptureCallback
                0x000000000800253c       0x12 ./Drivers/STM32F1xx_HAL_Driver/Src/stm32f1xx_hal_tim.o
                0x000000000800253c                HAL_TIM_IC_CaptureCallback
 .text.HAL_TIM_PWM_PulseFinishedCallback
                0x000000000800254e       0x12 ./Drivers/STM32F1xx_HAL_Driver/Src/stm32f1xx_hal_tim.o
                0x000000000800254e                HAL_TIM_PWM_PulseFinishedCallback
 .text.HAL_TIM_TriggerCallback
                0x0000000008002560       0x12 ./Drivers/STM32F1xx_HAL_Driver/Src/stm32f1xx_hal_tim.o
                0x0000000008002560                HAL_TIM_TriggerCallback
 *fill*         0x0000000008002572        0x2 
 .text.TIM_Base_SetConfig
                0x0000000008002574       0xc8 ./Drivers/STM32F1xx_HAL_Driver/Src/stm32f1xx_hal_tim.o
                0x0000000008002574                TIM_Base_SetConfig
 .text.TIM_TI1_ConfigInputStage
                0x000000000800263c       0x5c ./Drivers/STM32F1xx_HAL_Driver/Src/stm32f1xx_hal_tim.o
 .text.TIM_TI2_ConfigInputStage
                0x0000000008002698       0x5e ./Drivers/STM32F1xx_HAL_Driver/Src/stm32f1xx_hal_tim.o
 .text.TIM_ITRx_SetConfig
                0x00000000080026f6       0x34 ./Drivers/STM32F1xx_HAL_Driver/Src/stm32f1xx_hal_tim.o
 .text.TIM_ETR_SetConfig
                0x000000000800272a       0x3e ./Drivers/STM32F1xx_HAL_Driver/Src/stm32f1xx_hal_tim.o
                0x000000000800272a                TIM_ETR_SetConfig
 .text.HAL_TIMEx_MasterConfigSynchronization
                0x0000000008002768       0xb0 ./Drivers/STM32F1xx_HAL_Driver/Src/stm32f1xx_hal_tim_ex.o
                0x0000000008002768                HAL_TIMEx_MasterConfigSynchronization
 .text.HAL_TIMEx_CommutCallback
                0x0000000008002818       0x12 ./Drivers/STM32F1xx_HAL_Driver/Src/stm32f1xx_hal_tim_ex.o
                0x0000000008002818                HAL_TIMEx_CommutCallback
 .text.HAL_TIMEx_BreakCallback
                0x000000000800282a       0x12 ./Drivers/STM32F1xx_HAL_Driver/Src/stm32f1xx_hal_tim_ex.o
                0x000000000800282a                HAL_TIMEx_BreakCallback
 .text.__libc_init_array
                0x000000000800283c       0x48 d:/microprocessors - microcontrollers/stm32cubeide/stm32cubeide_1.7.0/stm32cubeide/plugins/com.st.stm32cube.ide.mcu.externaltools.gnu-tools-for-stm32.9-2020-q2-update.win32_2.0.0.202105311346/tools/bin/../lib/gcc/arm-none-eabi/9.3.1/../../../../arm-none-eabi/lib/thumb/v7-m/nofp\libc_nano.a(lib_a-init.o)
                0x000000000800283c                __libc_init_array
 .text.memset   0x0000000008002884       0x10 d:/microprocessors - microcontrollers/stm32cubeide/stm32cubeide_1.7.0/stm32cubeide/plugins/com.st.stm32cube.ide.mcu.externaltools.gnu-tools-for-stm32.9-2020-q2-update.win32_2.0.0.202105311346/tools/bin/../lib/gcc/arm-none-eabi/9.3.1/../../../../arm-none-eabi/lib/thumb/v7-m/nofp\libc_nano.a(lib_a-memset.o)
                0x0000000008002884                memset
 *(.glue_7)
 .glue_7        0x0000000008002894        0x0 linker stubs
 *(.glue_7t)
 .glue_7t       0x0000000008002894        0x0 linker stubs
 *(.eh_frame)
 .eh_frame      0x0000000008002894        0x0 d:/microprocessors - microcontrollers/stm32cubeide/stm32cubeide_1.7.0/stm32cubeide/plugins/com.st.stm32cube.ide.mcu.externaltools.gnu-tools-for-stm32.9-2020-q2-update.win32_2.0.0.202105311346/tools/bin/../lib/gcc/arm-none-eabi/9.3.1/thumb/v7-m/nofp/crtbegin.o
 *(.init)
 .init          0x0000000008002894        0x4 d:/microprocessors - microcontrollers/stm32cubeide/stm32cubeide_1.7.0/stm32cubeide/plugins/com.st.stm32cube.ide.mcu.externaltools.gnu-tools-for-stm32.9-2020-q2-update.win32_2.0.0.202105311346/tools/bin/../lib/gcc/arm-none-eabi/9.3.1/thumb/v7-m/nofp/crti.o
                0x0000000008002894                _init
 .init          0x0000000008002898        0x8 d:/microprocessors - microcontrollers/stm32cubeide/stm32cubeide_1.7.0/stm32cubeide/plugins/com.st.stm32cube.ide.mcu.externaltools.gnu-tools-for-stm32.9-2020-q2-update.win32_2.0.0.202105311346/tools/bin/../lib/gcc/arm-none-eabi/9.3.1/thumb/v7-m/nofp/crtn.o
 *(.fini)
 .fini          0x00000000080028a0        0x4 d:/microprocessors - microcontrollers/stm32cubeide/stm32cubeide_1.7.0/stm32cubeide/plugins/com.st.stm32cube.ide.mcu.externaltools.gnu-tools-for-stm32.9-2020-q2-update.win32_2.0.0.202105311346/tools/bin/../lib/gcc/arm-none-eabi/9.3.1/thumb/v7-m/nofp/crti.o
                0x00000000080028a0                _fini
 .fini          0x00000000080028a4        0x8 d:/microprocessors - microcontrollers/stm32cubeide/stm32cubeide_1.7.0/stm32cubeide/plugins/com.st.stm32cube.ide.mcu.externaltools.gnu-tools-for-stm32.9-2020-q2-update.win32_2.0.0.202105311346/tools/bin/../lib/gcc/arm-none-eabi/9.3.1/thumb/v7-m/nofp/crtn.o
                0x00000000080028ac                . = ALIGN (0x4)
                0x00000000080028ac                _etext = .

.vfp11_veneer   0x00000000080028ac        0x0
 .vfp11_veneer  0x00000000080028ac        0x0 linker stubs

.v4_bx          0x00000000080028ac        0x0
 .v4_bx         0x00000000080028ac        0x0 linker stubs

.iplt           0x00000000080028ac        0x0
 .iplt          0x00000000080028ac        0x0 d:/microprocessors - microcontrollers/stm32cubeide/stm32cubeide_1.7.0/stm32cubeide/plugins/com.st.stm32cube.ide.mcu.externaltools.gnu-tools-for-stm32.9-2020-q2-update.win32_2.0.0.202105311346/tools/bin/../lib/gcc/arm-none-eabi/9.3.1/thumb/v7-m/nofp/crtbegin.o

.rodata         0x00000000080028ac       0x24
                0x00000000080028ac                . = ALIGN (0x4)
 *(.rodata)
 *(.rodata*)
 .rodata.AHBPrescTable
                0x00000000080028ac       0x10 ./Core/Src/system_stm32f1xx.o
                0x00000000080028ac                AHBPrescTable
 .rodata.aPLLMULFactorTable.6032
                0x00000000080028bc       0x10 ./Drivers/STM32F1xx_HAL_Driver/Src/stm32f1xx_hal_rcc.o
 .rodata.aPredivFactorTable.6033
                0x00000000080028cc        0x2 ./Drivers/STM32F1xx_HAL_Driver/Src/stm32f1xx_hal_rcc.o
                0x00000000080028d0                . = ALIGN (0x4)
 *fill*         0x00000000080028ce        0x2 

.rel.dyn        0x00000000080028d0        0x0
 .rel.iplt      0x00000000080028d0        0x0 d:/microprocessors - microcontrollers/stm32cubeide/stm32cubeide_1.7.0/stm32cubeide/plugins/com.st.stm32cube.ide.mcu.externaltools.gnu-tools-for-stm32.9-2020-q2-update.win32_2.0.0.202105311346/tools/bin/../lib/gcc/arm-none-eabi/9.3.1/thumb/v7-m/nofp/crtbegin.o

.ARM.extab      0x00000000080028d0        0x0
                0x00000000080028d0                . = ALIGN (0x4)
 *(.ARM.extab* .gnu.linkonce.armextab.*)
                0x00000000080028d0                . = ALIGN (0x4)

.ARM            0x00000000080028d0        0x0
                0x00000000080028d0                . = ALIGN (0x4)
                0x00000000080028d0                __exidx_start = .
 *(.ARM.exidx*)
                0x00000000080028d0                __exidx_end = .
                0x00000000080028d0                . = ALIGN (0x4)

.preinit_array  0x00000000080028d0        0x0
                0x00000000080028d0                . = ALIGN (0x4)
                0x00000000080028d0                PROVIDE (__preinit_array_start = .)
 *(.preinit_array*)
                0x00000000080028d0                PROVIDE (__preinit_array_end = .)
                0x00000000080028d0                . = ALIGN (0x4)

.init_array     0x00000000080028d0        0x4
                0x00000000080028d0                . = ALIGN (0x4)
                0x00000000080028d0                PROVIDE (__init_array_start = .)
 *(SORT_BY_NAME(.init_array.*))
 *(.init_array*)
 .init_array    0x00000000080028d0        0x4 d:/microprocessors - microcontrollers/stm32cubeide/stm32cubeide_1.7.0/stm32cubeide/plugins/com.st.stm32cube.ide.mcu.externaltools.gnu-tools-for-stm32.9-2020-q2-update.win32_2.0.0.202105311346/tools/bin/../lib/gcc/arm-none-eabi/9.3.1/thumb/v7-m/nofp/crtbegin.o
                0x00000000080028d4                PROVIDE (__init_array_end = .)
                0x00000000080028d4                . = ALIGN (0x4)

.fini_array     0x00000000080028d4        0x4
                0x00000000080028d4                . = ALIGN (0x4)
                [!provide]                        PROVIDE (__fini_array_start = .)
 *(SORT_BY_NAME(.fini_array.*))
 *(.fini_array*)
 .fini_array    0x00000000080028d4        0x4 d:/microprocessors - microcontrollers/stm32cubeide/stm32cubeide_1.7.0/stm32cubeide/plugins/com.st.stm32cube.ide.mcu.externaltools.gnu-tools-for-stm32.9-2020-q2-update.win32_2.0.0.202105311346/tools/bin/../lib/gcc/arm-none-eabi/9.3.1/thumb/v7-m/nofp/crtbegin.o
                [!provide]                        PROVIDE (__fini_array_end = .)
                0x00000000080028d8                . = ALIGN (0x4)
                0x00000000080028d8                _sidata = LOADADDR (.data)

.data           0x0000000020000000      0x1e4 load address 0x00000000080028d8
                0x0000000020000000                . = ALIGN (0x4)
                0x0000000020000000                _sdata = .
 *(.data)
 *(.data*)
 .data.KeyReg0  0x0000000020000000       0x28 ./Core/Src/button.o
                0x0000000020000000                KeyReg0
 .data.KeyReg1  0x0000000020000028       0x28 ./Core/Src/button.o
                0x0000000020000028                KeyReg1
 .data.KeyReg2  0x0000000020000050       0x28 ./Core/Src/button.o
                0x0000000020000050                KeyReg2
 .data.KeyReg3  0x0000000020000078       0x28 ./Core/Src/button.o
                0x0000000020000078                KeyReg3
 .data.TimeOutForKeyPress
                0x00000000200000a0        0x4 ./Core/Src/button.o
                0x00000000200000a0                TimeOutForKeyPress
 .data.count    0x00000000200000a4        0x4 ./Core/Src/global.o
                0x00000000200000a4                count
 .data.time_red
                0x00000000200000a8        0x4 ./Core/Src/global.o
                0x00000000200000a8                time_red
 .data.time_green
                0x00000000200000ac        0x4 ./Core/Src/global.o
                0x00000000200000ac                time_green
 .data.time_yellow
                0x00000000200000b0        0x4 ./Core/Src/global.o
                0x00000000200000b0                time_yellow
 .data.time_red_new
                0x00000000200000b4        0x4 ./Core/Src/global.o
                0x00000000200000b4                time_red_new
 .data.time_green_new
                0x00000000200000b8        0x4 ./Core/Src/global.o
                0x00000000200000b8                time_green_new
 .data.time_yellow_new
                0x00000000200000bc        0x4 ./Core/Src/global.o
                0x00000000200000bc                time_yellow_new
 .data.SEG_PORTS
                0x00000000200000c0       0x38 ./Core/Src/led7_segment.o
                0x00000000200000c0                SEG_PORTS
 .data.SEG_PINS
                0x00000000200000f8       0x1c ./Core/Src/led7_segment.o
                0x00000000200000f8                SEG_PINS
 .data.LEDS_7SEG_state
                0x0000000020000114       0x46 ./Core/Src/led7_segment.o
                0x0000000020000114                LEDS_7SEG_state
 *fill*         0x000000002000015a        0x2 
 .data.LED_PORTS
                0x000000002000015c       0x30 ./Core/Src/light_traffic.o
                0x000000002000015c                LED_PORTS
 .data.LED_PINS
                0x000000002000018c       0x18 ./Core/Src/light_traffic.o
                0x000000002000018c                LED_PINS
 .data.LEDS_state
                0x00000000200001a4       0x30 ./Core/Src/light_traffic.o
                0x00000000200001a4                LEDS_state
 .data.timer_cycle
                0x00000000200001d4        0x4 ./Core/Src/software_timer.o
                0x00000000200001d4                timer_cycle
 .data.SystemCoreClock
                0x00000000200001d8        0x4 ./Core/Src/system_stm32f1xx.o
                0x00000000200001d8                SystemCoreClock
 .data.uwTickPrio
                0x00000000200001dc        0x4 ./Drivers/STM32F1xx_HAL_Driver/Src/stm32f1xx_hal.o
                0x00000000200001dc                uwTickPrio
 .data.uwTickFreq
                0x00000000200001e0        0x1 ./Drivers/STM32F1xx_HAL_Driver/Src/stm32f1xx_hal.o
                0x00000000200001e0                uwTickFreq
 *(.RamFunc)
 *(.RamFunc*)
                0x00000000200001e4                . = ALIGN (0x4)
 *fill*         0x00000000200001e1        0x3 
                0x00000000200001e4                _edata = .

.igot.plt       0x00000000200001e4        0x0 load address 0x0000000008002abc
 .igot.plt      0x00000000200001e4        0x0 d:/microprocessors - microcontrollers/stm32cubeide/stm32cubeide_1.7.0/stm32cubeide/plugins/com.st.stm32cube.ide.mcu.externaltools.gnu-tools-for-stm32.9-2020-q2-update.win32_2.0.0.202105311346/tools/bin/../lib/gcc/arm-none-eabi/9.3.1/thumb/v7-m/nofp/crtbegin.o
                0x00000000200001e4                . = ALIGN (0x4)

.bss            0x00000000200001e4       0xf8 load address 0x0000000008002abc
                0x00000000200001e4                _sbss = .
                0x00000000200001e4                __bss_start__ = _sbss
 *(.bss)
 .bss           0x00000000200001e4       0x1c d:/microprocessors - microcontrollers/stm32cubeide/stm32cubeide_1.7.0/stm32cubeide/plugins/com.st.stm32cube.ide.mcu.externaltools.gnu-tools-for-stm32.9-2020-q2-update.win32_2.0.0.202105311346/tools/bin/../lib/gcc/arm-none-eabi/9.3.1/thumb/v7-m/nofp/crtbegin.o
 *(.bss*)
 .bss.button1_flag
                0x0000000020000200       0x28 ./Core/Src/button.o
                0x0000000020000200                button1_flag
 .bss.status    0x0000000020000228        0x4 ./Core/Src/global.o
                0x0000000020000228                status
 .bss.counter1  0x000000002000022c        0x4 ./Core/Src/global.o
                0x000000002000022c                counter1
 .bss.counter2  0x0000000020000230        0x4 ./Core/Src/global.o
                0x0000000020000230                counter2
 *(COMMON)
 COMMON         0x0000000020000234        0xc ./Core/Src/fsm_settings.o
                0x0000000020000234                const_time_yellow_new
                0x0000000020000238                const_time_green_new
                0x000000002000023c                const_time_red_new
 COMMON         0x0000000020000240       0x48 ./Core/Src/main.o
                0x0000000020000240                htim2
 COMMON         0x0000000020000288       0x50 ./Core/Src/software_timer.o
                0x0000000020000288                timer_counter
                0x00000000200002b0                timer_flag
 COMMON         0x00000000200002d8        0x4 ./Drivers/STM32F1xx_HAL_Driver/Src/stm32f1xx_hal.o
                0x00000000200002d8                uwTick
                0x00000000200002dc                . = ALIGN (0x4)
                0x00000000200002dc                _ebss = .
                0x00000000200002dc                __bss_end__ = _ebss

._user_heap_stack
                0x00000000200002dc      0x604 load address 0x0000000008002abc
                0x00000000200002e0                . = ALIGN (0x8)
 *fill*         0x00000000200002dc        0x4 
                [!provide]                        PROVIDE (end = .)
                0x00000000200002e0                PROVIDE (_end = .)
                0x00000000200004e0                . = (. + _Min_Heap_Size)
 *fill*         0x00000000200002e0      0x200 
                0x00000000200008e0                . = (. + _Min_Stack_Size)
 *fill*         0x00000000200004e0      0x400 
                0x00000000200008e0                . = ALIGN (0x8)

/DISCARD/
 libc.a(*)
 libm.a(*)
 libgcc.a(*)

.ARM.attributes
                0x0000000000000000       0x29
 *(.ARM.attributes)
 .ARM.attributes
                0x0000000000000000       0x1d d:/microprocessors - microcontrollers/stm32cubeide/stm32cubeide_1.7.0/stm32cubeide/plugins/com.st.stm32cube.ide.mcu.externaltools.gnu-tools-for-stm32.9-2020-q2-update.win32_2.0.0.202105311346/tools/bin/../lib/gcc/arm-none-eabi/9.3.1/thumb/v7-m/nofp/crti.o
 .ARM.attributes
                0x000000000000001d       0x2d d:/microprocessors - microcontrollers/stm32cubeide/stm32cubeide_1.7.0/stm32cubeide/plugins/com.st.stm32cube.ide.mcu.externaltools.gnu-tools-for-stm32.9-2020-q2-update.win32_2.0.0.202105311346/tools/bin/../lib/gcc/arm-none-eabi/9.3.1/thumb/v7-m/nofp/crtbegin.o
 .ARM.attributes
                0x000000000000004a       0x2d ./Core/Src/button.o
 .ARM.attributes
                0x0000000000000077       0x2d ./Core/Src/fsm_auto.o
 .ARM.attributes
                0x00000000000000a4       0x2d ./Core/Src/fsm_manual.o
 .ARM.attributes
                0x00000000000000d1       0x2d ./Core/Src/fsm_settings.o
 .ARM.attributes
                0x00000000000000fe       0x33 ./Core/Src/global.o
 .ARM.attributes
                0x0000000000000131       0x2d ./Core/Src/led7_segment.o
 .ARM.attributes
                0x000000000000015e       0x2d ./Core/Src/light_traffic.o
 .ARM.attributes
                0x000000000000018b       0x2d ./Core/Src/main.o
 .ARM.attributes
                0x00000000000001b8       0x2d ./Core/Src/software_timer.o
 .ARM.attributes
                0x00000000000001e5       0x2d ./Core/Src/stm32f1xx_hal_msp.o
 .ARM.attributes
                0x0000000000000212       0x2d ./Core/Src/stm32f1xx_it.o
 .ARM.attributes
                0x000000000000023f       0x2d ./Core/Src/system_stm32f1xx.o
 .ARM.attributes
                0x000000000000026c       0x21 ./Core/Startup/startup_stm32f103c6ux.o
 .ARM.attributes
                0x000000000000028d       0x2d ./Drivers/STM32F1xx_HAL_Driver/Src/stm32f1xx_hal.o
 .ARM.attributes
                0x00000000000002ba       0x2d ./Drivers/STM32F1xx_HAL_Driver/Src/stm32f1xx_hal_cortex.o
 .ARM.attributes
                0x00000000000002e7       0x2d ./Drivers/STM32F1xx_HAL_Driver/Src/stm32f1xx_hal_gpio.o
 .ARM.attributes
                0x0000000000000314       0x2d ./Drivers/STM32F1xx_HAL_Driver/Src/stm32f1xx_hal_rcc.o
 .ARM.attributes
                0x0000000000000341       0x2d ./Drivers/STM32F1xx_HAL_Driver/Src/stm32f1xx_hal_tim.o
 .ARM.attributes
                0x000000000000036e       0x2d ./Drivers/STM32F1xx_HAL_Driver/Src/stm32f1xx_hal_tim_ex.o
 .ARM.attributes
                0x000000000000039b       0x2d d:/microprocessors - microcontrollers/stm32cubeide/stm32cubeide_1.7.0/stm32cubeide/plugins/com.st.stm32cube.ide.mcu.externaltools.gnu-tools-for-stm32.9-2020-q2-update.win32_2.0.0.202105311346/tools/bin/../lib/gcc/arm-none-eabi/9.3.1/../../../../arm-none-eabi/lib/thumb/v7-m/nofp\libc_nano.a(lib_a-init.o)
 .ARM.attributes
                0x00000000000003c8       0x2d d:/microprocessors - microcontrollers/stm32cubeide/stm32cubeide_1.7.0/stm32cubeide/plugins/com.st.stm32cube.ide.mcu.externaltools.gnu-tools-for-stm32.9-2020-q2-update.win32_2.0.0.202105311346/tools/bin/../lib/gcc/arm-none-eabi/9.3.1/../../../../arm-none-eabi/lib/thumb/v7-m/nofp\libc_nano.a(lib_a-memset.o)
 .ARM.attributes
                0x00000000000003f5       0x1d d:/microprocessors - microcontrollers/stm32cubeide/stm32cubeide_1.7.0/stm32cubeide/plugins/com.st.stm32cube.ide.mcu.externaltools.gnu-tools-for-stm32.9-2020-q2-update.win32_2.0.0.202105311346/tools/bin/../lib/gcc/arm-none-eabi/9.3.1/thumb/v7-m/nofp/crtn.o
OUTPUT(LAB_MCU.elf elf32-littlearm)
LOAD linker stubs
LOAD d:/microprocessors - microcontrollers/stm32cubeide/stm32cubeide_1.7.0/stm32cubeide/plugins/com.st.stm32cube.ide.mcu.externaltools.gnu-tools-for-stm32.9-2020-q2-update.win32_2.0.0.202105311346/tools/bin/../lib/gcc/arm-none-eabi/9.3.1/../../../../arm-none-eabi/lib/thumb/v7-m/nofp\libc.a
LOAD d:/microprocessors - microcontrollers/stm32cubeide/stm32cubeide_1.7.0/stm32cubeide/plugins/com.st.stm32cube.ide.mcu.externaltools.gnu-tools-for-stm32.9-2020-q2-update.win32_2.0.0.202105311346/tools/bin/../lib/gcc/arm-none-eabi/9.3.1/../../../../arm-none-eabi/lib/thumb/v7-m/nofp\libm.a
LOAD d:/microprocessors - microcontrollers/stm32cubeide/stm32cubeide_1.7.0/stm32cubeide/plugins/com.st.stm32cube.ide.mcu.externaltools.gnu-tools-for-stm32.9-2020-q2-update.win32_2.0.0.202105311346/tools/bin/../lib/gcc/arm-none-eabi/9.3.1/thumb/v7-m/nofp\libgcc.a

.debug_info     0x0000000000000000     0xa5b0
 .debug_info    0x0000000000000000      0x3cb ./Core/Src/button.o
 .debug_info    0x00000000000003cb      0x3ed ./Core/Src/fsm_auto.o
 .debug_info    0x00000000000007b8      0x3ed ./Core/Src/fsm_manual.o
 .debug_info    0x0000000000000ba5      0x423 ./Core/Src/fsm_settings.o
 .debug_info    0x0000000000000fc8      0x310 ./Core/Src/global.o
 .debug_info    0x00000000000012d8      0x53d ./Core/Src/led7_segment.o
 .debug_info    0x0000000000001815      0x4d8 ./Core/Src/light_traffic.o
 .debug_info    0x0000000000001ced      0xd95 ./Core/Src/main.o
 .debug_info    0x0000000000002a82      0x23d ./Core/Src/software_timer.o
 .debug_info    0x0000000000002cbf      0xa09 ./Core/Src/stm32f1xx_hal_msp.o
 .debug_info    0x00000000000036c8      0x7b9 ./Core/Src/stm32f1xx_it.o
 .debug_info    0x0000000000003e81      0x2be ./Core/Src/system_stm32f1xx.o
 .debug_info    0x000000000000413f       0x22 ./Core/Startup/startup_stm32f103c6ux.o
 .debug_info    0x0000000000004161      0x74c ./Drivers/STM32F1xx_HAL_Driver/Src/stm32f1xx_hal.o
 .debug_info    0x00000000000048ad      0xbbe ./Drivers/STM32F1xx_HAL_Driver/Src/stm32f1xx_hal_cortex.o
 .debug_info    0x000000000000546b      0x701 ./Drivers/STM32F1xx_HAL_Driver/Src/stm32f1xx_hal_gpio.o
 .debug_info    0x0000000000005b6c      0x893 ./Drivers/STM32F1xx_HAL_Driver/Src/stm32f1xx_hal_rcc.o
 .debug_info    0x00000000000063ff     0x2c32 ./Drivers/STM32F1xx_HAL_Driver/Src/stm32f1xx_hal_tim.o
 .debug_info    0x0000000000009031     0x157f ./Drivers/STM32F1xx_HAL_Driver/Src/stm32f1xx_hal_tim_ex.o

.debug_abbrev   0x0000000000000000     0x1e64
 .debug_abbrev  0x0000000000000000      0x1a9 ./Core/Src/button.o
 .debug_abbrev  0x00000000000001a9      0x112 ./Core/Src/fsm_auto.o
 .debug_abbrev  0x00000000000002bb      0x112 ./Core/Src/fsm_manual.o
 .debug_abbrev  0x00000000000003cd      0x112 ./Core/Src/fsm_settings.o
 .debug_abbrev  0x00000000000004df       0xa9 ./Core/Src/global.o
 .debug_abbrev  0x0000000000000588      0x164 ./Core/Src/led7_segment.o
 .debug_abbrev  0x00000000000006ec      0x194 ./Core/Src/light_traffic.o
 .debug_abbrev  0x0000000000000880      0x22c ./Core/Src/main.o
 .debug_abbrev  0x0000000000000aac      0x10c ./Core/Src/software_timer.o
 .debug_abbrev  0x0000000000000bb8      0x1b7 ./Core/Src/stm32f1xx_hal_msp.o
 .debug_abbrev  0x0000000000000d6f      0x176 ./Core/Src/stm32f1xx_it.o
 .debug_abbrev  0x0000000000000ee5      0x14e ./Core/Src/system_stm32f1xx.o
 .debug_abbrev  0x0000000000001033       0x12 ./Core/Startup/startup_stm32f103c6ux.o
 .debug_abbrev  0x0000000000001045      0x1ed ./Drivers/STM32F1xx_HAL_Driver/Src/stm32f1xx_hal.o
 .debug_abbrev  0x0000000000001232      0x313 ./Drivers/STM32F1xx_HAL_Driver/Src/stm32f1xx_hal_cortex.o
 .debug_abbrev  0x0000000000001545      0x1e8 ./Drivers/STM32F1xx_HAL_Driver/Src/stm32f1xx_hal_gpio.o
 .debug_abbrev  0x000000000000172d      0x273 ./Drivers/STM32F1xx_HAL_Driver/Src/stm32f1xx_hal_rcc.o
 .debug_abbrev  0x00000000000019a0      0x25e ./Drivers/STM32F1xx_HAL_Driver/Src/stm32f1xx_hal_tim.o
 .debug_abbrev  0x0000000000001bfe      0x266 ./Drivers/STM32F1xx_HAL_Driver/Src/stm32f1xx_hal_tim_ex.o

.debug_aranges  0x0000000000000000      0xab8
 .debug_aranges
                0x0000000000000000       0x38 ./Core/Src/button.o
 .debug_aranges
                0x0000000000000038       0x20 ./Core/Src/fsm_auto.o
 .debug_aranges
                0x0000000000000058       0x20 ./Core/Src/fsm_manual.o
 .debug_aranges
                0x0000000000000078       0x20 ./Core/Src/fsm_settings.o
 .debug_aranges
                0x0000000000000098       0x18 ./Core/Src/global.o
 .debug_aranges
                0x00000000000000b0       0x48 ./Core/Src/led7_segment.o
 .debug_aranges
                0x00000000000000f8       0x68 ./Core/Src/light_traffic.o
 .debug_aranges
                0x0000000000000160       0x48 ./Core/Src/main.o
 .debug_aranges
                0x00000000000001a8       0x28 ./Core/Src/software_timer.o
 .debug_aranges
                0x00000000000001d0       0x30 ./Core/Src/stm32f1xx_hal_msp.o
 .debug_aranges
                0x0000000000000200       0x68 ./Core/Src/stm32f1xx_it.o
 .debug_aranges
                0x0000000000000268       0x28 ./Core/Src/system_stm32f1xx.o
 .debug_aranges
                0x0000000000000290       0x28 ./Core/Startup/startup_stm32f103c6ux.o
 .debug_aranges
                0x00000000000002b8       0xe0 ./Drivers/STM32F1xx_HAL_Driver/Src/stm32f1xx_hal.o
 .debug_aranges
                0x0000000000000398      0x100 ./Drivers/STM32F1xx_HAL_Driver/Src/stm32f1xx_hal_cortex.o
 .debug_aranges
                0x0000000000000498       0x58 ./Drivers/STM32F1xx_HAL_Driver/Src/stm32f1xx_hal_gpio.o
 .debug_aranges
                0x00000000000004f0       0x90 ./Drivers/STM32F1xx_HAL_Driver/Src/stm32f1xx_hal_rcc.o
 .debug_aranges
                0x0000000000000580      0x3d0 ./Drivers/STM32F1xx_HAL_Driver/Src/stm32f1xx_hal_tim.o
 .debug_aranges
                0x0000000000000950      0x168 ./Drivers/STM32F1xx_HAL_Driver/Src/stm32f1xx_hal_tim_ex.o

.debug_ranges   0x0000000000000000      0x988
 .debug_ranges  0x0000000000000000       0x28 ./Core/Src/button.o
 .debug_ranges  0x0000000000000028       0x10 ./Core/Src/fsm_auto.o
 .debug_ranges  0x0000000000000038       0x10 ./Core/Src/fsm_manual.o
 .debug_ranges  0x0000000000000048       0x10 ./Core/Src/fsm_settings.o
 .debug_ranges  0x0000000000000058       0x38 ./Core/Src/led7_segment.o
 .debug_ranges  0x0000000000000090       0x58 ./Core/Src/light_traffic.o
 .debug_ranges  0x00000000000000e8       0x38 ./Core/Src/main.o
 .debug_ranges  0x0000000000000120       0x18 ./Core/Src/software_timer.o
 .debug_ranges  0x0000000000000138       0x20 ./Core/Src/stm32f1xx_hal_msp.o
 .debug_ranges  0x0000000000000158       0x58 ./Core/Src/stm32f1xx_it.o
 .debug_ranges  0x00000000000001b0       0x18 ./Core/Src/system_stm32f1xx.o
 .debug_ranges  0x00000000000001c8       0x20 ./Core/Startup/startup_stm32f103c6ux.o
 .debug_ranges  0x00000000000001e8       0xd0 ./Drivers/STM32F1xx_HAL_Driver/Src/stm32f1xx_hal.o
 .debug_ranges  0x00000000000002b8       0xf0 ./Drivers/STM32F1xx_HAL_Driver/Src/stm32f1xx_hal_cortex.o
 .debug_ranges  0x00000000000003a8       0x48 ./Drivers/STM32F1xx_HAL_Driver/Src/stm32f1xx_hal_gpio.o
 .debug_ranges  0x00000000000003f0       0x80 ./Drivers/STM32F1xx_HAL_Driver/Src/stm32f1xx_hal_rcc.o
 .debug_ranges  0x0000000000000470      0x3c0 ./Drivers/STM32F1xx_HAL_Driver/Src/stm32f1xx_hal_tim.o
 .debug_ranges  0x0000000000000830      0x158 ./Drivers/STM32F1xx_HAL_Driver/Src/stm32f1xx_hal_tim_ex.o

.debug_macro    0x0000000000000000    0x17347
 .debug_macro   0x0000000000000000      0x1bf ./Core/Src/button.o
 .debug_macro   0x00000000000001bf      0xa9c ./Core/Src/button.o
 .debug_macro   0x0000000000000c5b      0x215 ./Core/Src/button.o
 .debug_macro   0x0000000000000e70       0x2e ./Core/Src/button.o
 .debug_macro   0x0000000000000e9e       0x22 ./Core/Src/button.o
 .debug_macro   0x0000000000000ec0       0x22 ./Core/Src/button.o
 .debug_macro   0x0000000000000ee2       0x8e ./Core/Src/button.o
 .debug_macro   0x0000000000000f70       0x51 ./Core/Src/button.o
 .debug_macro   0x0000000000000fc1      0x103 ./Core/Src/button.o
 .debug_macro   0x00000000000010c4       0x6a ./Core/Src/button.o
 .debug_macro   0x000000000000112e      0x1df ./Core/Src/button.o
 .debug_macro   0x000000000000130d       0x1c ./Core/Src/button.o
 .debug_macro   0x0000000000001329       0x22 ./Core/Src/button.o
 .debug_macro   0x000000000000134b       0xc3 ./Core/Src/button.o
 .debug_macro   0x000000000000140e      0xd23 ./Core/Src/button.o
 .debug_macro   0x0000000000002131     0xde75 ./Core/Src/button.o
 .debug_macro   0x000000000000ffa6       0x6d ./Core/Src/button.o
 .debug_macro   0x0000000000010013     0x34a2 ./Core/Src/button.o
 .debug_macro   0x00000000000134b5      0x174 ./Core/Src/button.o
 .debug_macro   0x0000000000013629       0x5c ./Core/Src/button.o
 .debug_macro   0x0000000000013685      0x5bc ./Core/Src/button.o
 .debug_macro   0x0000000000013c41      0x1b7 ./Core/Src/button.o
 .debug_macro   0x0000000000013df8      0x1cb ./Core/Src/button.o
 .debug_macro   0x0000000000013fc3      0x114 ./Core/Src/button.o
 .debug_macro   0x00000000000140d7      0x1b2 ./Core/Src/button.o
 .debug_macro   0x0000000000014289       0x27 ./Core/Src/button.o
 .debug_macro   0x00000000000142b0      0x12f ./Core/Src/button.o
 .debug_macro   0x00000000000143df      0x1bc ./Core/Src/button.o
 .debug_macro   0x000000000001459b       0x34 ./Core/Src/button.o
 .debug_macro   0x00000000000145cf       0x3c ./Core/Src/button.o
 .debug_macro   0x000000000001460b       0x57 ./Core/Src/button.o
 .debug_macro   0x0000000000014662       0x87 ./Core/Src/button.o
 .debug_macro   0x00000000000146e9      0x183 ./Core/Src/button.o
 .debug_macro   0x000000000001486c      0x140 ./Core/Src/button.o
 .debug_macro   0x00000000000149ac      0x8ed ./Core/Src/button.o
 .debug_macro   0x0000000000015299       0x69 ./Core/Src/button.o
 .debug_macro   0x0000000000015302      0x190 ./Core/Src/button.o
 .debug_macro   0x0000000000015492       0x10 ./Core/Src/button.o
 .debug_macro   0x00000000000154a2      0x1ea ./Core/Src/fsm_auto.o
 .debug_macro   0x000000000001568c       0x16 ./Core/Src/fsm_auto.o
 .debug_macro   0x00000000000156a2       0x52 ./Core/Src/fsm_auto.o
 .debug_macro   0x00000000000156f4      0x1f0 ./Core/Src/fsm_manual.o
 .debug_macro   0x00000000000158e4      0x1e6 ./Core/Src/fsm_settings.o
 .debug_macro   0x0000000000015aca      0x1d2 ./Core/Src/global.o
 .debug_macro   0x0000000000015c9c      0x1e0 ./Core/Src/led7_segment.o
 .debug_macro   0x0000000000015e7c      0x1da ./Core/Src/light_traffic.o
 .debug_macro   0x0000000000016056      0x20a ./Core/Src/main.o
 .debug_macro   0x0000000000016260      0x1ba ./Core/Src/software_timer.o
 .debug_macro   0x000000000001641a      0x1b0 ./Core/Src/stm32f1xx_hal_msp.o
 .debug_macro   0x00000000000165ca      0x1ba ./Core/Src/stm32f1xx_it.o
 .debug_macro   0x0000000000016784      0x197 ./Core/Src/system_stm32f1xx.o
 .debug_macro   0x000000000001691b      0x1bb ./Drivers/STM32F1xx_HAL_Driver/Src/stm32f1xx_hal.o
 .debug_macro   0x0000000000016ad6      0x197 ./Drivers/STM32F1xx_HAL_Driver/Src/stm32f1xx_hal_cortex.o
 .debug_macro   0x0000000000016c6d      0x202 ./Drivers/STM32F1xx_HAL_Driver/Src/stm32f1xx_hal_gpio.o
 .debug_macro   0x0000000000016e6f      0x1a9 ./Drivers/STM32F1xx_HAL_Driver/Src/stm32f1xx_hal_rcc.o
 .debug_macro   0x0000000000017018      0x198 ./Drivers/STM32F1xx_HAL_Driver/Src/stm32f1xx_hal_tim.o
 .debug_macro   0x00000000000171b0      0x197 ./Drivers/STM32F1xx_HAL_Driver/Src/stm32f1xx_hal_tim_ex.o

.debug_line     0x0000000000000000     0xe5fd
 .debug_line    0x0000000000000000      0x8ba ./Core/Src/button.o
 .debug_line    0x00000000000008ba      0x8fc ./Core/Src/fsm_auto.o
 .debug_line    0x00000000000011b6      0x8f0 ./Core/Src/fsm_manual.o
 .debug_line    0x0000000000001aa6      0x8d1 ./Core/Src/fsm_settings.o
 .debug_line    0x0000000000002377      0x7c1 ./Core/Src/global.o
 .debug_line    0x0000000000002b38      0x980 ./Core/Src/led7_segment.o
 .debug_line    0x00000000000034b8      0x8fd ./Core/Src/light_traffic.o
 .debug_line    0x0000000000003db5      0x94d ./Core/Src/main.o
 .debug_line    0x0000000000004702      0x805 ./Core/Src/software_timer.o
 .debug_line    0x0000000000004f07      0x7f5 ./Core/Src/stm32f1xx_hal_msp.o
 .debug_line    0x00000000000056fc      0x893 ./Core/Src/stm32f1xx_it.o
 .debug_line    0x0000000000005f8f      0x824 ./Core/Src/system_stm32f1xx.o
 .debug_line    0x00000000000067b3       0x86 ./Core/Startup/startup_stm32f103c6ux.o
 .debug_line    0x0000000000006839      0xa51 ./Drivers/STM32F1xx_HAL_Driver/Src/stm32f1xx_hal.o
 .debug_line    0x000000000000728a      0xc39 ./Drivers/STM32F1xx_HAL_Driver/Src/stm32f1xx_hal_cortex.o
 .debug_line    0x0000000000007ec3      0xad4 ./Drivers/STM32F1xx_HAL_Driver/Src/stm32f1xx_hal_gpio.o
 .debug_line    0x0000000000008997      0xe5d ./Drivers/STM32F1xx_HAL_Driver/Src/stm32f1xx_hal_rcc.o
 .debug_line    0x00000000000097f4     0x34a2 ./Drivers/STM32F1xx_HAL_Driver/Src/stm32f1xx_hal_tim.o
 .debug_line    0x000000000000cc96     0x1967 ./Drivers/STM32F1xx_HAL_Driver/Src/stm32f1xx_hal_tim_ex.o

.debug_str      0x0000000000000000    0x8280e
 .debug_str     0x0000000000000000    0x7faa6 ./Core/Src/button.o
                                      0x7fde3 (size before relaxing)
 .debug_str     0x000000000007faa6      0x1e5 ./Core/Src/fsm_auto.o
                                      0x7ff9a (size before relaxing)
 .debug_str     0x000000000007fc8b       0x3b ./Core/Src/fsm_manual.o
                                      0x7ffb1 (size before relaxing)
 .debug_str     0x000000000007fcc6       0x7f ./Core/Src/fsm_settings.o
                                      0x7ffe4 (size before relaxing)
 .debug_str     0x000000000007fd45       0x15 ./Core/Src/global.o
                                      0x7fecd (size before relaxing)
 .debug_str     0x000000000007fd5a       0x8e ./Core/Src/led7_segment.o
                                      0x7fffe (size before relaxing)
 .debug_str     0x000000000007fde8       0xd4 ./Core/Src/light_traffic.o
                                      0x7ffed (size before relaxing)
 .debug_str     0x000000000007febc      0x6df ./Core/Src/main.o
                                      0x8076b (size before relaxing)
 .debug_str     0x000000000008059b       0x2f ./Core/Src/software_timer.o
                                      0x7fd37 (size before relaxing)
 .debug_str     0x00000000000805ca      0x2ba ./Core/Src/stm32f1xx_hal_msp.o
                                      0x804e3 (size before relaxing)
 .debug_str     0x0000000000080884       0xcd ./Core/Src/stm32f1xx_it.o
                                      0x80245 (size before relaxing)
 .debug_str     0x0000000000080951       0x52 ./Core/Src/system_stm32f1xx.o
                                      0x7f78d (size before relaxing)
 .debug_str     0x00000000000809a3       0x36 ./Core/Startup/startup_stm32f103c6ux.o
                                         0x81 (size before relaxing)
 .debug_str     0x00000000000809d9      0x304 ./Drivers/STM32F1xx_HAL_Driver/Src/stm32f1xx_hal.o
                                      0x7fde4 (size before relaxing)
 .debug_str     0x0000000000080cdd      0x300 ./Drivers/STM32F1xx_HAL_Driver/Src/stm32f1xx_hal_cortex.o
                                      0x7fdec (size before relaxing)
 .debug_str     0x0000000000080fdd      0x316 ./Drivers/STM32F1xx_HAL_Driver/Src/stm32f1xx_hal_gpio.o
                                      0x7fb51 (size before relaxing)
 .debug_str     0x00000000000812f3      0x24f ./Drivers/STM32F1xx_HAL_Driver/Src/stm32f1xx_hal_rcc.o
                                      0x7fb8a (size before relaxing)
 .debug_str     0x0000000000081542      0xdde ./Drivers/STM32F1xx_HAL_Driver/Src/stm32f1xx_hal_tim.o
                                      0x80b73 (size before relaxing)
 .debug_str     0x0000000000082320      0x4ee ./Drivers/STM32F1xx_HAL_Driver/Src/stm32f1xx_hal_tim_ex.o
                                      0x80314 (size before relaxing)

.comment        0x0000000000000000       0x53
 .comment       0x0000000000000000       0x53 ./Core/Src/button.o
                                         0x54 (size before relaxing)
 .comment       0x0000000000000053       0x54 ./Core/Src/fsm_auto.o
 .comment       0x0000000000000053       0x54 ./Core/Src/fsm_manual.o
 .comment       0x0000000000000053       0x54 ./Core/Src/fsm_settings.o
 .comment       0x0000000000000053       0x54 ./Core/Src/global.o
 .comment       0x0000000000000053       0x54 ./Core/Src/led7_segment.o
 .comment       0x0000000000000053       0x54 ./Core/Src/light_traffic.o
 .comment       0x0000000000000053       0x54 ./Core/Src/main.o
 .comment       0x0000000000000053       0x54 ./Core/Src/software_timer.o
 .comment       0x0000000000000053       0x54 ./Core/Src/stm32f1xx_hal_msp.o
 .comment       0x0000000000000053       0x54 ./Core/Src/stm32f1xx_it.o
 .comment       0x0000000000000053       0x54 ./Core/Src/system_stm32f1xx.o
 .comment       0x0000000000000053       0x54 ./Drivers/STM32F1xx_HAL_Driver/Src/stm32f1xx_hal.o
 .comment       0x0000000000000053       0x54 ./Drivers/STM32F1xx_HAL_Driver/Src/stm32f1xx_hal_cortex.o
 .comment       0x0000000000000053       0x54 ./Drivers/STM32F1xx_HAL_Driver/Src/stm32f1xx_hal_gpio.o
 .comment       0x0000000000000053       0x54 ./Drivers/STM32F1xx_HAL_Driver/Src/stm32f1xx_hal_rcc.o
 .comment       0x0000000000000053       0x54 ./Drivers/STM32F1xx_HAL_Driver/Src/stm32f1xx_hal_tim.o
 .comment       0x0000000000000053       0x54 ./Drivers/STM32F1xx_HAL_Driver/Src/stm32f1xx_hal_tim_ex.o

.debug_frame    0x0000000000000000     0x2978
 .debug_frame   0x0000000000000000       0xac ./Core/Src/button.o
 .debug_frame   0x00000000000000ac       0x2c ./Core/Src/fsm_auto.o
 .debug_frame   0x00000000000000d8       0x2c ./Core/Src/fsm_manual.o
 .debug_frame   0x0000000000000104       0x2c ./Core/Src/fsm_settings.o
 .debug_frame   0x0000000000000130       0xe8 ./Core/Src/led7_segment.o
 .debug_frame   0x0000000000000218      0x13c ./Core/Src/light_traffic.o
 .debug_frame   0x0000000000000354       0xd4 ./Core/Src/main.o
 .debug_frame   0x0000000000000428       0x60 ./Core/Src/software_timer.o
 .debug_frame   0x0000000000000488       0x80 ./Core/Src/stm32f1xx_hal_msp.o
 .debug_frame   0x0000000000000508      0x120 ./Core/Src/stm32f1xx_it.o
 .debug_frame   0x0000000000000628       0x58 ./Core/Src/system_stm32f1xx.o
 .debug_frame   0x0000000000000680      0x334 ./Drivers/STM32F1xx_HAL_Driver/Src/stm32f1xx_hal.o
 .debug_frame   0x00000000000009b4      0x428 ./Drivers/STM32F1xx_HAL_Driver/Src/stm32f1xx_hal_cortex.o
 .debug_frame   0x0000000000000ddc      0x14c ./Drivers/STM32F1xx_HAL_Driver/Src/stm32f1xx_hal_gpio.o
 .debug_frame   0x0000000000000f28      0x218 ./Drivers/STM32F1xx_HAL_Driver/Src/stm32f1xx_hal_rcc.o
 .debug_frame   0x0000000000001140     0x11b4 ./Drivers/STM32F1xx_HAL_Driver/Src/stm32f1xx_hal_tim.o
 .debug_frame   0x00000000000022f4      0x638 ./Drivers/STM32F1xx_HAL_Driver/Src/stm32f1xx_hal_tim_ex.o
 .debug_frame   0x000000000000292c       0x2c d:/microprocessors - microcontrollers/stm32cubeide/stm32cubeide_1.7.0/stm32cubeide/plugins/com.st.stm32cube.ide.mcu.externaltools.gnu-tools-for-stm32.9-2020-q2-update.win32_2.0.0.202105311346/tools/bin/../lib/gcc/arm-none-eabi/9.3.1/../../../../arm-none-eabi/lib/thumb/v7-m/nofp\libc_nano.a(lib_a-init.o)
 .debug_frame   0x0000000000002958       0x20 d:/microprocessors - microcontrollers/stm32cubeide/stm32cubeide_1.7.0/stm32cubeide/plugins/com.st.stm32cube.ide.mcu.externaltools.gnu-tools-for-stm32.9-2020-q2-update.win32_2.0.0.202105311346/tools/bin/../lib/gcc/arm-none-eabi/9.3.1/../../../../arm-none-eabi/lib/thumb/v7-m/nofp\libc_nano.a(lib_a-memset.o)
