software_timer.h:14:6:setTimer	16	static
software_timer.h:18:6:timerRun	16	static
main.c:73:6:update_matrix_buffer	4	static
main.c:84:6:shift_matrix_left	16	static
main.c:89:6:set_COL	24	static
main.c:95:6:set_ROW	24	static
main.c:104:6:updateLEDMatrix	16	static
main.c:148:5:main	8	static
main.c:204:6:SystemClock_Config	72	static
main.c:237:13:MX_TIM2_Init	32	static
main.c:279:13:MX_GPIO_Init	32	static
main.c:326:6:HAL_TIM_PeriodElapsedCallback	16	static
main.c:335:6:Error_Handler	4	static,ignoring_inline_asm
