software_timer.h:14:6:setTimer	16	static
software_timer.h:18:6:timerRun	16	static
main.c:68:6:set_LEDS	24	static
main.c:73:6:set_state	24	static
main.c:80:6:display7SEG	16	static
main.c:86:6:update7SEG	16	static
main.c:109:6:updateClockBuffer	4	static
main.c:121:5:main	8	static
main.c:185:6:SystemClock_Config	72	static
main.c:218:13:MX_TIM2_Init	32	static
main.c:260:13:MX_GPIO_Init	32	static
main.c:298:6:HAL_TIM_PeriodElapsedCallback	16	static
main.c:307:6:Error_Handler	4	static,ignoring_inline_asm
